legacy_base_storage\baseobjects\shared\industrial_storage\module_01\module01_as.tga
legacy_base_storage\baseobjects\shared\industrial_storage\module_01\module01_co.tga
legacy_base_storage\baseobjects\shared\industrial_storage\module_01\module01_nohq.tga
legacy_base_storage\baseobjects\shared\industrial_storage\module_01\module01_smdi.tga
legacy_base_storage\baseobjects\shared\industrial_storage\module_02\module02_as.tga
legacy_base_storage\baseobjects\shared\industrial_storage\module_02\module02_co.tga
legacy_base_storage\baseobjects\shared\industrial_storage\module_02\module02_nohq.tga
legacy_base_storage\baseobjects\shared\industrial_storage\module_02\module02_smdi.tga
legacy_base_storage\baseobjects\shared\industrial_storage\module_03\module03_as.tga
legacy_base_storage\baseobjects\shared\industrial_storage\module_03\module03_co.tga
legacy_base_storage\baseobjects\shared\industrial_storage\module_03\module03_nohq.tga
legacy_base_storage\baseobjects\shared\industrial_storage\module_03\module03_smdi.tga
legacy_base_storage\baseobjects\shared\industrial_storage\module_04\module04_as.tga
legacy_base_storage\baseobjects\shared\industrial_storage\module_04\module04_co.tga
legacy_base_storage\baseobjects\shared\industrial_storage\module_04\module04_nohq.tga
legacy_base_storage\baseobjects\shared\industrial_storage\module_04\module04_smdi.tga
legacy_base_storage\baseobjects\shared\industrial_storage\module_05\module05_as.tga
legacy_base_storage\baseobjects\shared\industrial_storage\module_05\module05_co.tga
legacy_base_storage\baseobjects\shared\industrial_storage\module_05\module05_nohq.tga
legacy_base_storage\baseobjects\shared\industrial_storage\module_05\module05_smdi.tga
legacy_base_storage\baseobjects\shared\lighting\floodlight_co.tga
legacy_base_storage\baseobjects\shared\lighting\floodlight_nohq.tga
legacy_base_storage\baseobjects\shared\lighting\floodlight_smdi.tga
legacy_base_storage\baseobjects\shared\industrial_storage\module_01\module01_ao.png
legacy_base_storage\baseobjects\shared\industrial_storage\module_01\module01_basecolor.png
legacy_base_storage\baseobjects\shared\industrial_storage\module_01\module01_metalness.png
legacy_base_storage\baseobjects\shared\industrial_storage\module_01\module01_normal.png
legacy_base_storage\baseobjects\shared\industrial_storage\module_01\module01_roughness.png
legacy_base_storage\baseobjects\shared\industrial_storage\module_02\module02_ao.png
legacy_base_storage\baseobjects\shared\industrial_storage\module_02\module02_basecolor.png
legacy_base_storage\baseobjects\shared\industrial_storage\module_02\module02_metalness.png
legacy_base_storage\baseobjects\shared\industrial_storage\module_02\module02_normal.png
legacy_base_storage\baseobjects\shared\industrial_storage\module_02\module02_opacity.png
legacy_base_storage\baseobjects\shared\industrial_storage\module_02\module02_roughness.png
legacy_base_storage\baseobjects\shared\industrial_storage\module_03\module03_ao.png
legacy_base_storage\baseobjects\shared\industrial_storage\module_03\module03_basecolor.png
legacy_base_storage\baseobjects\shared\industrial_storage\module_03\module03_metalness.png
legacy_base_storage\baseobjects\shared\industrial_storage\module_03\module03_normal.png
legacy_base_storage\baseobjects\shared\industrial_storage\module_03\module03_opacity.png
legacy_base_storage\baseobjects\shared\industrial_storage\module_03\module03_roughness.png
legacy_base_storage\baseobjects\shared\industrial_storage\module_04\module04_ao.png
legacy_base_storage\baseobjects\shared\industrial_storage\module_04\module04_basecolor.png
legacy_base_storage\baseobjects\shared\industrial_storage\module_04\module04_metalness.png
legacy_base_storage\baseobjects\shared\industrial_storage\module_04\module04_normal.png
legacy_base_storage\baseobjects\shared\industrial_storage\module_04\module04_roughness.png
legacy_base_storage\baseobjects\shared\industrial_storage\module_05\module05_ao.png
legacy_base_storage\baseobjects\shared\industrial_storage\module_05\module05_basecolor.png
legacy_base_storage\baseobjects\shared\industrial_storage\module_05\module05_metalness.png
legacy_base_storage\baseobjects\shared\industrial_storage\module_05\module05_normal.png
legacy_base_storage\baseobjects\shared\industrial_storage\module_05\module05_opacity.png
legacy_base_storage\baseobjects\shared\industrial_storage\module_05\module05_roughness.png
legacy_base_storage\baseobjects\shared\wooden\barbed_wire_co.png
legacy_base_storage\baseobjects\shared\wooden\metalsheets_co.png
legacy_base_storage\baseobjects\shared\wooden\pile_of_planks_co.png
legacy_base_storage\baseobjects\shared\wooden\wooden_planks_co.png
